// Jest Snapshot v1, https://goo.gl/fbAQLP

exports[`Combat component rendering renders Combat 1`] = `
<div
  className="Combat"
>
  <table
    className="Combat--table"
  >
    <tbody>
      <tr
        className="Combat--tr"
      >
        <td
          className="Combat--td-large"
        >
          <div
            className="Combat--box Combat--top-large"
          >
            <div
              className="Combat__label"
            >
              Death Saves
            </div>
            <div
              className="Combat__deathSaves"
            >
              <div
                className="Combat--col"
              >
                <div>
                  Fails
                </div>
                <div>
                  Successes
                </div>
              </div>
              <div
                className="Combat--col"
              >
                <div
                  className="Combat--row"
                >
                  <Checkbox />
                  <Checkbox />
                  <Checkbox />
                </div>
                <div
                  className="Combat--row"
                >
                  <Checkbox />
                  <Checkbox />
                  <Checkbox />
                </div>
              </div>
            </div>
          </div>
        </td>
        <td
          className="Combat__inspiration"
        >
          <div
            className="Combat--box"
          >
            <Checkbox />
          </div>
        </td>
        <td
          className="Combat--td-large"
        >
          <div
            className="Combat--box Combat--top-large"
          >
            <div
              className="Combat__label"
            >
              Armour Class
            </div>
            <div
              className="Combat__input"
            >
              <Input
                className="Combat__input--larger"
                id="armourClass"
                onChange={[Function]}
                type="text"
              />
            </div>
          </div>
        </td>
      </tr>
      <tr
        className="Combat--tr"
      >
        <td
          className="Combat--td-small Combat--col"
        >
          <div
            className="Combat--box Combat--mid-space"
          >
            <div
              className="Combat__label"
            >
              Passive Perception
            </div>
            <div
              className="Combat__input"
            >
              <Input
                className="Combat__input--larger"
                id="passivePerception"
                onChange={[Function]}
                type="text"
              />
            </div>
          </div>
          <div
            className="Combat--box Combat__speed"
          >
            <div
              className="Combat__label"
            >
              Speed
            </div>
            <div
              className="Combat__input"
            >
              <Input
                className="Combat__input--larger"
                id="speed"
                onChange={[Function]}
                type="text"
              />
            </div>
          </div>
        </td>
        <td
          className="Combat--td-larger"
        >
          <div
            className="Combat--box Combat__hitPoints"
          >
            <div
              className="Combat__label"
            >
              Hit Points
            </div>
            <div
              className="Combat__input"
            >
              <Input
                className="Combat__input--largest"
                id="hitPoints"
                onChange={[Function]}
                type="text"
              />
            </div>
          </div>
        </td>
        <td
          className="Combat--td-small"
        >
          <div
            className="Combat--box Combat--mid-space"
          >
            <div
              className="Combat__label"
            >
              Initiative Bonus
            </div>
            <Input
              className="Combat__input--larger"
              id="initiativeBonus"
              onChange={[Function]}
              type="text"
            />
          </div>
          <div
            className="Combat--box "
          >
            <div
              className="Combat__label"
            >
              Proficiency Bonus
            </div>
            <div
              className="Combat__input"
            >
              <Input
                className="Combat__input--larger"
                id="proficiencyBonus"
                onChange={[Function]}
                type="text"
              />
            </div>
          </div>
        </td>
      </tr>
      <tr
        className="Combat--tr"
      >
        <td
          className="Combat--td-small"
        >
          <div
            className="Combat--box"
          >
            <div
              className="Combat__label"
            >
              Hit Dice
            </div>
            <div
              className="Combat__input"
            >
              <Input
                className="Combat__input--larger"
                id="hitDice"
                onChange={[Function]}
                type="text"
              />
            </div>
          </div>
        </td>
        <td
          className="Combat--td-largest"
        >
          <div
            className="Combat--box"
          >
            <div
              className="Combat__label"
            >
              Temporary Hit Points
            </div>
            <div
              className="Combat__input"
            >
              <Input
                className="Combat__input--larger"
                id="tempHitPoints"
                onChange={[Function]}
                type="text"
              />
            </div>
          </div>
        </td>
      </tr>
    </tbody>
  </table>
</div>
`;
