// Jest Snapshot v1, https://goo.gl/fbAQLP

exports[`Combat component rendering renders Combat 1`] = `
<div
  className="Combat"
>
  <div
    className="Combat__top"
  >
    <div
      className="Combat__deathSaves"
    >
      <div
        className="Combat__label"
      >
        Death Saves
      </div>
      <div
        className="Combat__deathSavesContent"
      >
        <div
          className="Combat__deathSaveFailLabel"
          id="deathSaveFailLabel"
        >
          Fails
        </div>
        <div
          className="Combat__deathSaveSuccessLabel"
          id="deathSaveSuccessLabel"
        >
          Successes
        </div>
        <div
          className="Combat__deathSavesFailCheckboxes"
        >
          <Checkbox
            ariaLabelledBy="deathSaveFailLabel"
            id="deathSaveFail-1"
          />
          <Checkbox
            ariaLabelledBy="deathSaveFailLabel"
            id="deathSaveFail-2"
          />
          <Checkbox
            ariaLabelledBy="deathSaveFailLabel"
            id="deathSaveFail-3"
          />
        </div>
        <div
          className="Combat__deathSavesSuccessCheckboxes"
        >
          <Checkbox
            ariaLabelledBy="deathSaveSuccessLabel"
            id="deathSaveSuccess-1"
          />
          <Checkbox
            ariaLabelledBy="deathSaveSuccessLabel"
            id="deathSaveSuccess-2"
          />
          <Checkbox
            ariaLabelledBy="deathSaveSuccessLabel"
            id="deathSaveSuccess-3"
          />
        </div>
      </div>
    </div>
    <div
      className="Combat__inspiration"
    >
      <div
        className="Combat__label"
        id="inspirationLabel"
      >
        Inspiration
      </div>
      <div
        className="Combat__inspirationCheckbox"
      >
        <Checkbox
          ariaLabelledBy="inspirationLabel"
          id="inspirationCheckbox"
        />
      </div>
    </div>
    <div
      className="Combat__armourClass"
    >
      <InputBox
        className="Combat__input--larger"
        id="armourClass"
        label="Armour Class"
        onChange={[Function]}
        type="text"
      />
    </div>
  </div>
  <div
    className="Combat__middle"
  >
    <div
      className="Combat__middleSide"
    >
      <div
        className="Combat__passivePerception"
      >
        <InputBox
          className="Combat__input--larger"
          id="passivePerception"
          label="Passive Perception"
          onChange={[Function]}
          onKeyDown={[Function]}
          type="number"
        />
      </div>
      <div
        className="Combat__speed"
      >
        <InputBox
          className="Combat__input--larger"
          id="speed"
          label="Speed"
          onChange={[Function]}
          onKeyDown={[Function]}
          type="number"
        />
      </div>
    </div>
    <Memo(Connect(HitPoints)) />
    <div
      className="Combat__middleSide"
    >
      <div
        className="Combat__initiativeBonus"
      >
        <InputBox
          className="Combat__input--larger"
          id="initiativeBonus"
          label="Initiative Bonus"
          onChange={[Function]}
          onKeyDown={[Function]}
          type="number"
        />
      </div>
      <div
        className="Combat__proficiencyBonus"
      >
        <InputBox
          className="Combat__input--larger"
          id="proficiencyBonus"
          label="Proficiency Bonus"
          onChange={[Function]}
          onKeyDown={[Function]}
          type="number"
        />
      </div>
    </div>
  </div>
  <div
    className="Combat__bottom"
  >
    <div
      className="Combat__hitDice"
    >
      <InputBox
        className="Combat__input--larger"
        id="hitDice"
        label="Hit Dice"
        onChange={[Function]}
        type="text"
      />
    </div>
    <div
      className="Combat__tempHitPoints"
    >
      <InputBox
        className="Combat__input--larger"
        id="tempHitPoints"
        label="Temporary Hit Points"
        onChange={[Function]}
        onKeyDown={[Function]}
        type="number"
      />
    </div>
  </div>
</div>
`;
